e0500000 T _start
e0500020 t _undefined_instruction
e0500024 t _software_interrupt
e0500028 t _prefetch_abort
e050002c t _data_abort
e0500030 t _not_used
e0500034 t _irq
e0500038 t _fiq
e050003c t _TEXT_BASE
e0500040 T _armboot_start
e0500044 T _bss_start
e0500048 T _bss_end
e050004c t _clr_remap_rom_entry
e0500050 t reset
e05000a8 t do_clr_remap
e05000bc t skip_clr_remap
e05000ec t relocate
e05000ec t skip_lowlevel_init
e050010c t stack_setup
e050011c t clear_bss
e050012c t _start_armboot
e0500130 t remap_addr
e0500134 t remap_addr_ram
e0500140 t undefined_instruction
e05001a0 t software_interrupt
e0500200 t prefetch_abort
e0500260 t data_abort
e05002c0 t not_used
e0500320 t irq
e0500380 t fiq
e05003e0 T reset_cpu
e05003ec t _loop_forever
e05003f0 t rstctl1
e0500400 t _delay_cl
e0500418 T cpu_init_sysctrl
e0500494 T cpu_init_smi
e05004b0 T cpu_init_ddrc
e0500688 T lowlevel_init
e050069c T lowlevel_memzero_8burst
e05006cc T lowlevel_memcpy_8burst
e05006e4 T enable_interrupts
e05006e8 T disable_interrupts
e05006f0 T bad_mode
e050070c T show_regs
e050084c T do_undefined_instruction
e0500870 T do_software_interrupt
e0500894 T do_prefetch_abort
e05008b8 T do_data_abort
e05008dc T do_not_used
e0500900 T do_fiq
e0500924 T do_irq
e0500948 T reset_timer_masked
e0500974 T interrupt_init
e0500984 T reset_timer
e0500988 T get_timer_masked
e05009d8 T get_timer
e05009ec T set_timer
e05009fc T udelay
e0500a88 T udelay_masked
e0500b00 T get_ticks
e0500b14 T get_tbclk
e0500b20 T __udivsi3
e0500b38 t Loop1
e0500b4c t Lbignum
e0500b60 t Loop3
e0500ba0 t Lgot_result
e0500ba8 t Ldiv0
e0500bb8 T sbrk
e0500bfc t init_baudrate
e0500c54 t display_banner
e0500cb0 t display_dram_config
e0500cf8 T hang
e0500d08 T start_armboot
e0500f24 T __div0
e0500f28 T NetSetEther
e0500fe8 T ArpRequest
e0501128 t startAgainTimeout
e050113c t startAgainHandler
e0501140 T NetSetTimeout
e050117c T NetSetHandler
e050118c T NetStartAgain
e050120c T ArpTimeoutCheck
e0501294 T NetSendPacket
e0501298 T NetCksum
e05012e4 T NetSetIP
e0501424 T NetSendUDPPacket
e050158c T PingSend
e0501718 t PingTimeout
e0501734 t PingHandler
e0501778 T NetCksumOk
e050179c T NetEthHdrSize
e05017e0 T copy_filename
e0501834 T ip_to_string
e050188c T print_IPaddr
e05018b0 T NetReceive
e0501e5c T string_to_ip
e0501ee0 T getenv_IPaddr
e0501ef0 T VLAN_to_string
e0501f48 T string_to_VLAN
e0501fa0 T getenv_VLAN
e0501fb0 T NetLoop
e050246c t TftpSend
e0502694 t tftp_show_transferd
e0502730 t TftpHandler
e0502b90 t TftpTimeout
e0502c34 T TftpStart
e0502f14 t BootpCopyNetParams
e0502fd4 t truncate_sz
e0503008 t DhcpExtended
e0503188 T BootpRequest
e05033ac t BootpTimeout
e05033f4 t DhcpOptionsProcess
e0503580 t DhcpHandler
e05038c4 T DhcpRequest
e05038c8 t RarpHandler
e0503904 T RarpRequest
e0503a04 t RarpTimeout
e0503a4c T eth_initialize
e0503a54 T flash_make_addr
e0503a68 T flash_read_uchar
e0503a7c T flash_read_ushort
e0503aa4 T flash_read_long
e0503ae4 t flash_get_info
e0503b24 T flash_print_info
e0503cf8 T flash_get_sect
e0503d74 t flash_add_byte
e0503e14 t flash_make_cmd
e0503e54 t flash_isequal
e0503f20 t flash_isset
e0503ff0 t flash_write_cmd
e05040a0 t flash_unlock_seq
e05040f8 T flash_read_factory_serial
e0504158 T flash_read_user_serial
e05041b8 t flash_status_check
e0504380 t flash_full_status_check
e05044e0 T flash_real_protect
e05045d8 T flash_erase
e05047b0 T flash_get_size
e0504e6c T flash_init
e0504fc8 t find_sector
e0504ff0 t flash_write_cfiword
e05051dc T write_buff
e0505934 T serial_init
e0505974 T serial_setport
e0505990 T serial_setbrg
e0505994 T serial_tstc
e0505a10 T serial_getc
e0505a7c t pl011_putc
e0505ae8 T serial_putc
e0505b14 T serial_puts
e0505b3c T init_cmd_timeout
e0505b8c T reset_cmd_timeout
e0505bd8 t delete_char
e0505cb4 T readline
e0506244 T run_command
e05066e8 T main_loop
e050693c t print_num
e0506950 T do_bdinfo
e0506a20 T do_go
e0506aa4 T print_image_hdr
e0506e84 t zalloc
e0506e94 t zfree
e0506e9c T gunzip
e0506ffc T do_bootm
e050770c t abbrev_spec
e0507870 t addr_spec
e0507a10 t flash_fill_sect_ranges
e0507be4 T do_flinfo
e0507c84 T flash_sect_erase
e0507db0 T do_flerase
e0507f70 T flash_sect_protect
e0508094 T do_protect
e05083b4 T send_pad
e05083f0 T ktrans
e0508418 T chk1
e0508448 T s1_sendpacket
e0508474 T send_ack
e05084d8 T send_nack
e050853c t bin_data_init
e0508574 t bin_data_char
e05085b4 T k_data_init
e05085dc T k_data_save
e0508640 T k_data_restore
e05086a4 T k_data_char
e0508708 T handle_send_packet
e0508920 T do_load_serial_bin
e0508d98 T cmd_get_data_size
e0508e0c T do_mem_md
e0509018 T do_mem_mw
e05090e8 T do_mem_cmp
e05092bc T do_mem_cp
e0509408 T do_mem_base
e050944c T do_mem_loop
e0509550 T do_mem_mtest
e05099d4 t mod_mem
e0509b60 T do_mem_nm
e0509b88 T do_mem_mm
e0509bb0 T do_mem_crc
e0509c68 t netboot_common
e0509f88 T do_dhcp
e0509f94 T do_rarpb
e0509fa0 T do_tftp
e0509fac T do_bootp
e0509fb8 T do_ping
e050a050 t envmatch
e050a0bc T do_printenv
e050a270 T _do_setenv
e050a718 T setenv
e050a754 T do_setenv
e050a794 T getenv
e050a814 T getenv_r
e050a8d8 T do_saveenv
e050a904 T do_version
e050a924 T do_echo
e050a9a4 T find_cmd
e050aa4c T do_help
e050ac10 T var_complete
e050aca4 t install_auto_complete_handler
e050acbc T install_auto_complete
e050acec T cmd_auto_complete
e050b1cc t console_setfile
e050b270 T serial_printf
e050b2b8 T fgetc
e050b2e0 T ftstc
e050b308 T fputc
e050b334 T fputs
e050b360 T fprintf
e050b3b0 T getc
e050b3c8 T tstc
e050b3e0 T putc
e050b408 T puts
e050b430 T printf
e050b478 T vprintf
e050b4b0 T ctrlc
e050b50c T disable_ctrlc
e050b524 T had_ctrlc
e050b534 T clear_ctrlc
e050b548 T progressbar_show
e050b6e8 T progressbar_init
e050b79c T dbg
e050b7a8 T console_assign
e050b838 T console_init_f
e050b868 T search_device
e050b8e0 T console_init_r
e050ba90 T device_register
e050bab4 T devices_init
e050bb64 T devices_done
e050bb80 T malloc_bin_reloc
e050bbb4 T malloc_trim
e050bc8c T free
e050beb0 T malloc
e050c4f8 T realloc
e050c95c T memalign
e050ca6c T valloc
e050ca78 T pvalloc
e050ca90 T calloc
e050cb60 T cfree
e050cb64 T malloc_usable_size
e050cba0 T mallopt
e050cc18 T env_crc_update
e050cc44 t env_get_char_init
e050cc68 T env_get_char_memory
e050cc88 T env_get_addr
e050cca8 T env_relocate
e050cd38 T env_complete
e050ce7c T env_get_char_spec
e050ce88 T env_init
e050cee0 T saveenv
e050cfa4 T env_relocate_spec
e050cfc4 t dummy
e050cfc8 T get_version
e050cfd0 T jumptable_init
e050d054 T flash_protect
e050d16c T addr2info
e050d1b4 T flash_write
e050d358 T flash_perror
e050d438 T NewHandle
e050d498 T DisposeHandle
e050d4b8 T GetHandleSize
e050d4c0 T SetHandleSize
e050d534 T ListCreate
e050d594 T ListSetAllocationPolicy
e050d5a8 T ListDispose
e050d5ac T ListInsertItems
e050d760 T ListInsertItem
e050d768 T ListGetItems
e050d7b0 T ListGetPtrToItem
e050d7e0 T ListGetDataPtr
e050d7ec T ListGetItemSize
e050d7f8 T ListNumItems
e050d804 T Calc_CRC32
e050d8a0 T caculate_crc32
e050df94 T ETH_SetInterruptEnable
e050dfac T ETH_ReadInterruptEnable
e050dfc4 T ETH_ReadInterruptStatus
e050dfdc T ETH_ClearInterruptStatus
e050e000 T ETH_SetNormalInterruptStyle
e050e018 T ETH_SetEndian
e050e044 T ETH_SetFrameQueueLength
e050e0d0 T ETH_SetPauseFrameLimitLevel
e050e114 T ETH_ReadQueueUseLength
e050e138 T ETH_SetFrameConfiguration
e050e16c T ETH_SetPortStatusMode
e050e18c T ETH_SetSpeedLinkDuplexMode
e050e1c4 T ETH_ReadSpeedLinkDuplexMode
e050e1f8 T ETH_ClearSpeedLinkDuplexMode
e050e230 T ETH_ClearPortCountInformation
e050e248 T ETH_SetPortCntCleanEnable
e050e268 T ETH_SetPortShortFrameReceive
e050e288 T ETH_SetPortPostFrameSend
e050e2a8 T ETH_SetPortCountRollCtrl
e050e2c8 T ETH_SetFrameCRCCtlRebuild
e050e2e8 T ETH_SetLongFrameLength
e050e308 T ETH_SetShortFrameLength
e050e328 T ETH_SetLoopBackEnable
e050e354 T ETH_SetPHYExternAddress
e050e374 T ETH_SetPHYFrequency
e050e394 T ETH_SetPHYChipInformationAddress
e050e404 T ETH_ReadPHYPortInformation
e050e43c T ETH_PhyWrite
e050e4f8 T ETH_PhyRead
e050e5c0 T ETH_AddMACFiltFormContent
e050e600 T ETH_ReadMACFiltFormContent
e050e644 T ETH_SetInMACFiltCtrl_local
e050e67c T ETH_SetInMACFiltenable
e050e6b4 T ETH_SetMACFiltCtrl_destination
e050e6e8 T ETH_FrameReceive
e050e76c T ETH_FrameTransmit
e050e7c0 T TestCpuSentFrame
e050e808 T PrintMemory
e050e86c T printOneMemory
e050e890 T SetRegister
e050e8c0 T transmit_frame_addr
e050e8d8 T ETH_SetioutQueuelen
e050e904 T ETH_FrameTransmitPacket
e050e944 T ETH_SET_MAC
e050e9a8 T ETH_SetMACFiltCtrl
e050e9b8 T eth_soft_reset
e050e9f8 T ETH_changcontrol
e050ea20 T ETH_changcontrol__
e050ea3c T string_to_mac
e050eab8 T init_eth_mac_env
e050eb48 T ETH_SoftResetPort
e050eb4c T eth_halt
e050eb50 T eth_rx
e050eb8c T eth_send
e050ebb0 T ETH_InterruptHandler
e050ed20 T ETH_Init
e050edf0 T eth_init
e050ee04 t hidog_set_timeout
e050ee74 t hidog_feed
e050eea0 T hw_watchdog_reset
e050eed4 T reconfig_hidog
e050f05c T crc32
e050f158 T display_options
e050f178 T print_size
e050f210 T strnicmp
e050f29c T strcpy
e050f2b8 T strncpy
e050f2dc T strcat
e050f308 T strncat
e050f348 T strcmp
e050f378 T strncmp
e050f3c0 T strchr
e050f3f0 T strlen
e050f414 T strrchr
e050f44c T strnlen
e050f484 T strdup
e050f4bc T strspn
e050f51c T strpbrk
e050f55c T strtok
e050f5e0 T strsep
e050f618 T strswab
e050f674 T memset
e050f698 T bcopy
e050f6c4 T memcpy
e050f6ec T memmove
e050f74c T memcmp
e050f780 T memscan
e050f7a4 T strstr
e050f80c T memchr
e050f83c T simple_strtoul
e050f8f4 T simple_strtol
e050f91c t skip_atoi
e050f960 t number
e050fb94 T vsprintf
e050ff74 T sprintf
e050ff94 T panic
e050ffdc t inflate_codes_free
e050fffc t inflate_trees_free
e051003c t inflate_blocks_reset
e0510108 T inflateEnd
e05101a8 T inflateReset
e0510210 T inflateSync
e051031c T inflateInit2
e051047c T inflateInit
e0510484 t inflate_codes_new
e05104d4 T inflateIncomp
e0510608 t inflate_flush
e0510774 t huft_build
e0510d68 t falloc
e0510d8c t ffree
e0510d90 T inflate
e05128a4 T adler32
e0512a18 T ledv8_on
e0512a2c T ledv8_off
e0512a40 T dogv8_ext_feed
e0512a6c T led_on
e0512ae4 T led_off
e0512afc T gpio_init
e0512b6c T board_init
e0512c24 T misc_init_r
e0512c48 T dram_init
e0512c68 t read_p15_c1
e0512c70 t write_p15_c1
e0512c78 t cp_delay
e0512ca0 T cpu_init
e0512ca8 T cleanup_before_linux
e0512cd0 T do_reset
e0512ce8 T icache_enable
e0512d04 T icache_disable
e0512d20 T icache_status
e0512d34 T get_mclk
e0512dac T __umodsi3
e0512dc0 t Loop1
e0512dd4 t Lbignum
e0512de8 t Loop3
e0512e50 t Ldiv0
e0512e60 T do_bootm_linux
e05132e8 T flush_cache
e05132ec T __divsi3
e0513414 T __aeabi_idivmod
e051342c T __modsi3
e0513590 R version_string
e05135dc r port
e05135e0 r bitpattern.0
e0513600 r baudrate_table
e0513614 R CALC_CRC_MULTI_END
e0513615 R CALC_CRC_MULTI_CONTINUE
e0513616 R CALC_CRC_NORMAL
e0513618 r crc_table
e0516e0c D init_sequence
e0516e38 D NetOurNativeVLAN
e0516e3a D NetOurVLAN
e0516e3c D NetBcastAddr
e0516e44 D upload_addr
e0516e48 d flash_offset_cfi
e0516e50 d bank_base
e0516e54 d load_port
e0516e58 d tab_seq
e0516e64 d erase_seq
e0516e68 d retry_time
e0516e6c d _cur_cmdline_pos.1
e0516e70 D load_addr
e0516e74 D dp_last_length
e0516e78 D stdio_names
e0516e84 d mmap_threshold
e0516e88 d trim_threshold
e0516e8c d sbrk_base
e0516e90 d av_
e0517298 D default_environment
e0517414 D env_get_char
e0517418 D env_ptr
e051741c D env_name_spec
e0517420 d flash_addr
e0517424 D h_num
e0517428 D e_num
e051742c d temp_num
e0517430 d CRC32_TABLE.0
e0517830 d hidog_clk
e0517834 D z_errmsg
e0517854 D zlib_version
e0517858 d inflate_mask
e051789c d border
e05178e8 d cpdext
e0517960 d cpdist
e05179d8 d cplext
e0517a54 d cplens
e0517ad0 d fixed_left
e0517ad4 D _ctype
e0517bd4 A __u_boot_cmd_start
e0517bd4 D __u_boot_cmd_bdinfo
e0517bf0 D __u_boot_cmd_reset
e0517c0c D __u_boot_cmd_go
e0517c28 D __u_boot_cmd_bootm
e0517c44 D __u_boot_cmd_protect
e0517c60 D __u_boot_cmd_erase
e0517c7c D __u_boot_cmd_flinfo
e0517c98 D __u_boot_cmd_loadb
e0517cb4 D __u_boot_cmd_mtest
e0517cd0 D __u_boot_cmd_loop
e0517cec D __u_boot_cmd_base
e0517d08 D __u_boot_cmd_crc32
e0517d24 D __u_boot_cmd_cmp
e0517d40 D __u_boot_cmd_cp
e0517d5c D __u_boot_cmd_mw
e0517d78 D __u_boot_cmd_nm
e0517d94 D __u_boot_cmd_mm
e0517db0 D __u_boot_cmd_md
e0517dcc D __u_boot_cmd_ping
e0517de8 D __u_boot_cmd_dhcp
e0517e04 D __u_boot_cmd_rarpboot
e0517e20 D __u_boot_cmd_tftp
e0517e3c D __u_boot_cmd_bootp
e0517e58 D __u_boot_cmd_saveenv
e0517e74 D __u_boot_cmd_setenv
e0517e90 D __u_boot_cmd_printenv
e0517eac D __u_boot_cmd_question_mark
e0517ec8 D __u_boot_cmd_help
e0517ee4 D __u_boot_cmd_echo
e0517f00 D __u_boot_cmd_version
e0517f1c A __u_boot_cmd_end
e0517f20 A __bss_start
e0517f20 b timestamp
e0517f24 b lastdec
e0517f28 B monitor_flash_len
e0517f2c b mem_malloc_brk
e0517f30 b mem_malloc_end
e0517f34 b mem_malloc_start
e0517f38 B NetTxPacket
e0517f3c B NetEtherNullAddr
e0517f42 B NetServerEther
e0517f48 B NetBootFileSize
e0517f4a B NetOurRootPath
e0517f8a B NetOurHostName
e0517faa B NetOurNISDomain
e0517fcc B NetOurDNSIP
e0517fd0 B NetOurGatewayIP
e0517fd4 B NetOurSubnetMask
e0517fd8 B NetBootFileXferSize
e0517fdc B NetOurEther
e0517fe4 B NetOurIP
e0517fe8 B NetServerIP
e0517fec B NetRxPackets
e0517ffc B NetRxPkt
e0518000 B NetRxPktLen
e0518004 B NetIPID
e0518008 B NetState
e051800c B BootFile
e051808c B NetPingIP
e0518090 B PktBuf
e0519eb0 B NetArpWaitPacketIP
e0519eb4 B NetArpWaitReplyIP
e0519eb8 B NetArpWaitPacketMAC
e0519ebc B NetArpWaitTxPacket
e0519ec0 B NetArpWaitTxPacketSize
e0519ec4 B NetArpWaitPacketBuf
e051a4e4 B NetArpWaitTimerStart
e051a4e8 B NetArpWaitTry
e051a4ec b mac.0
e051a4f4 b packetHandler
e051a4f8 b timeHandler
e051a4fc b timeStart
e051a500 b timeDelta
e051a504 b PingSeqNo
e051a508 B upload_size
e051a50c b TftpState
e051a510 b TftpServerPort
e051a514 b TftpOurPort
e051a518 b TftpTimeoutCount
e051a51c b TftpBlock
e051a520 b TftpLastBlock
e051a524 b TftpBlockWrap
e051a528 b TftpBlockWrapOffset
e051a52c b default_filename
e051a53c b tftp_filename
e051a540 B NetDHCPServerIP
e051a544 B dhcp_leasetime
e051a548 B dhcp_state
e051a54c B BootpID
e051a550 B BootpTry
e051a554 B RarpTry
e051a558 B flash_info
e051af88 b tmp_port
e051af8c B console_buffer
e051b38c b endtime
e051b394 b _cmdline_history.0
e051d394 B header
e051d3d4 B os_data_count
e051d3d8 B os_data_header
e051d3f8 B his_eol
e051d3fc B his_pad_count
e051d400 B his_pad_char
e051d401 B his_quote
e051d404 B os_data_init
e051d408 B os_data_char
e051d40c B send_parms
e051d420 B send_ptr
e051d424 b a_b
e051d43c b os_data_state
e051d440 b os_data_state_saved
e051d444 b os_data_count_saved
e051d448 b os_data_addr
e051d44c b os_data_addr_saved
e051d450 b bin_start_address
e051d454 b k_data_escape
e051d458 b k_data_escape_saved
e051d45c B dp_last_addr
e051d460 B dp_last_size
e051d464 B mm_last_addr
e051d468 B mm_last_size
e051d46c b base_address
e051d470 b tmp_buf.0
e051d670 b tmp_buf
e051da70 b prgbar_print_pos
e051da74 b ctrlc_was_pressed
e051da78 b ctrlc_disabled
e051da7c b prgbar_start
e051da80 b prgbar_end
e051da84 b prgbar_steps
e051da88 b prgbar_last_percent
e051da8c b prgbar_last_pos
e051da90 B stdio_devices
e051da9c B devlist
e051daa0 b n_mmaps_max
e051daa4 b top_pad
e051daa8 b current_mallinfo
e051dad0 b max_total_mem
e051dad4 b mmapped_mem
e051dad8 b max_sbrked_mem
e051dadc B rxlen
e051dae0 B SendTask
e051dae4 B RecvTask
e051dae8 B TESTTask
e051daec b g_num
e051daf0 b a_num
e051daf4 b dwTempSaveCRC.1
e051daf8 b d_queue
e051dbf8 b hidog_status
e051dbfc B ___strtok
e051dc00 b fixed_built
e051dc04 b fixed_lock
e051dc08 b fixed_mem
e051ec98 b fixed_bl
e051ec9c b fixed_bd
e051eca0 b fixed_tl
e051eca4 b fixed_td
e051eca8 b params
e051ecac A _end
