Archive member included because of file (symbol)

cpu/hi3511v100/libhi3511v100.a(interrupts.o)
                              cpu/hi3511v100/start.o (do_undefined_instruction)
lib_arm/libarm.a(_udivsi3.o)  cpu/hi3511v100/libhi3511v100.a(interrupts.o) (__udivsi3)
lib_arm/libarm.a(board.o)     cpu/hi3511v100/start.o (start_armboot)
lib_arm/libarm.a(div0.o)      lib_arm/libarm.a(_udivsi3.o) (__div0)
net/libnet.a(net.o)           lib_arm/libarm.a(board.o) (copy_filename)
net/libnet.a(tftp.o)          net/libnet.a(net.o) (TftpStart)
net/libnet.a(bootp.o)         net/libnet.a(net.o) (BootpRequest)
net/libnet.a(rarp.o)          net/libnet.a(net.o) (RarpRequest)
net/libnet.a(eth.o)           lib_arm/libarm.a(board.o) (eth_initialize)
drivers/libdrivers.a(cfi_flash.o)
                              lib_arm/libarm.a(board.o) (flash_init)
drivers/libdrivers.a(serial_pl011.o)
                              lib_arm/libarm.a(board.o) (serial_init)
common/libcommon.a(main.o)    lib_arm/libarm.a(board.o) (main_loop)
common/libcommon.a(cmd_bdinfo.o)
                              (__u_boot_cmd_bdinfo)
common/libcommon.a(cmd_boot.o)
                              (__u_boot_cmd_reset)
common/libcommon.a(cmd_bootm.o)
                              (__u_boot_cmd_bootm)
common/libcommon.a(cmd_flash.o)
                              (__u_boot_cmd_protect)
common/libcommon.a(cmd_load.o)
                              (__u_boot_cmd_loadb)
common/libcommon.a(cmd_mem.o)
                              (__u_boot_cmd_mtest)
common/libcommon.a(cmd_net.o)
                              (__u_boot_cmd_ping)
common/libcommon.a(cmd_nvedit.o)
                              (__u_boot_cmd_saveenv)
common/libcommon.a(command.o)
                              (__u_boot_cmd_question_mark)
common/libcommon.a(console.o)
                              cpu/hi3511v100/libhi3511v100.a(interrupts.o) (printf)
common/libcommon.a(devices.o)
                              common/libcommon.a(console.o) (stdio_names)
common/libcommon.a(dlmalloc.o)
                              common/libcommon.a(cmd_bootm.o) (free)
common/libcommon.a(env_common.o)
                              common/libcommon.a(cmd_nvedit.o) (env_get_char)
common/libcommon.a(env_flash.o)
                              common/libcommon.a(env_common.o) (env_ptr)
common/libcommon.a(exports.o)
                              lib_arm/libarm.a(board.o) (jumptable_init)
common/libcommon.a(flash.o)   drivers/libdrivers.a(cfi_flash.o) (flash_protect)
common/libcommon.a(lists.o)   common/libcommon.a(devices.o) (ListCreate)
drivers/hisilicon/libdrv.a(hisilicon-net.o)
                              net/libnet.a(net.o) (eth_halt)
drivers/hisilicon/libdrv.a(watchdog.o)
                              net/libnet.a(net.o) (hw_watchdog_reset)
lib_generic/libgeneric.a(crc32.o)
                              common/libcommon.a(cmd_bootm.o) (crc32)
lib_generic/libgeneric.a(display_options.o)
                              lib_arm/libarm.a(board.o) (print_size)
lib_generic/libgeneric.a(string.o)
                              net/libnet.a(net.o) (strcpy)
lib_generic/libgeneric.a(vsprintf.o)
                              lib_arm/libarm.a(board.o) (simple_strtoul)
lib_generic/libgeneric.a(zlib.o)
                              common/libcommon.a(cmd_bootm.o) (inflateEnd)
lib_generic/libgeneric.a(ctype.o)
                              lib_generic/libgeneric.a(string.o) (_ctype)
board/hi3511v110/libhi3511v110.a(board.o)
                              lib_arm/libarm.a(board.o) (board_init)
cpu/hi3511v100/libhi3511v100.a(cpu.o)
                              lib_arm/libarm.a(board.o) (cpu_init)
lib_arm/libarm.a(_umodsi3.o)  net/libnet.a(tftp.o) (__umodsi3)
lib_arm/libarm.a(armlinux.o)  common/libcommon.a(cmd_bootm.o) (do_bootm_linux)
lib_arm/libarm.a(cache.o)     common/libcommon.a(cmd_load.o) (flush_cache)
/home/bamboo/work/hi3511/cross_tools/gcc-3.4.3-uClibc-0.9.28/bin/../lib/gcc/arm-hisi-linux/3.4.3/libgcc.a(_divsi3.oS)
                              common/libcommon.a(console.o) (__divsi3)
/home/bamboo/work/hi3511/cross_tools/gcc-3.4.3-uClibc-0.9.28/bin/../lib/gcc/arm-hisi-linux/3.4.3/libgcc.a(_modsi3.oS)
                              drivers/libdrivers.a(cfi_flash.o) (__modsi3)

内存配置

名称           来源             长度             属性
*default*        0x00000000         0xffffffff

Linker script and memory map

                0x00000000                . = 0x0
                0x00000000                . = ALIGN (0x4)

.text           0xe0500000    0x13514
 cpu/hi3511v100/start.o(.text)
 .text          0xe0500000      0x400 cpu/hi3511v100/start.o
                0xe0500044                _bss_start
                0xe0500048                _bss_end
                0xe0500040                _armboot_start
                0xe0500000                _start
                0xe05003e0                reset_cpu
 cpu/hi3511v100/lowlevel_init.o(.text)
 .text          0xe0500400      0x288 cpu/hi3511v100/lowlevel_init.o
                0xe0500418                cpu_init_sysctrl
                0xe0500494                cpu_init_smi
                0xe05004b0                cpu_init_ddrc
 board/hi3511v110/lowlevel_init.o(.text)
 .text          0xe0500688       0x14 board/hi3511v110/lowlevel_init.o
                0xe0500688                lowlevel_init
 lib_arm/lowlevel.o(.text)
 .text          0xe050069c       0x48 lib_arm/lowlevel.o
                0xe05006cc                lowlevel_memcpy_8burst
                0xe050069c                lowlevel_memzero_8burst
 *(.text)
 .text          0xe05006e4      0x43c cpu/hi3511v100/libhi3511v100.a(interrupts.o)
                0xe05009ec                set_timer
                0xe0500984                reset_timer
                0xe0500900                do_fiq
                0xe0500974                interrupt_init
                0xe050084c                do_undefined_instruction
                0xe050070c                show_regs
                0xe0500924                do_irq
                0xe0500b14                get_tbclk
                0xe05009d8                get_timer
                0xe0500948                reset_timer_masked
                0xe05006f0                bad_mode
                0xe0500988                get_timer_masked
                0xe05009fc                udelay
                0xe0500a88                udelay_masked
                0xe0500894                do_prefetch_abort
                0xe0500b00                get_ticks
                0xe05006e8                disable_interrupts
                0xe05008dc                do_not_used
                0xe05008b8                do_data_abort
                0xe0500870                do_software_interrupt
                0xe05006e4                enable_interrupts
 .text          0xe0500b20       0x98 lib_arm/libarm.a(_udivsi3.o)
                0xe0500b20                __udivsi3
 .text          0xe0500bb8      0x36c lib_arm/libarm.a(board.o)
                0xe0500cf8                hang
                0xe0500d08                start_armboot
                0xe0500bb8                sbrk
 .text          0xe0500f24        0x4 lib_arm/libarm.a(div0.o)
                0xe0500f24                __div0
 .text          0xe0500f28     0x1544 net/libnet.a(net.o)
                0xe0501ee0                getenv_IPaddr
                0xe0501778                NetCksumOk
                0xe0501140                NetSetTimeout
                0xe05017e0                copy_filename
                0xe050179c                NetEthHdrSize
                0xe0501834                ip_to_string
                0xe050120c                ArpTimeoutCheck
                0xe05018b0                NetReceive
                0xe0501e5c                string_to_ip
                0xe0501424                NetSendUDPPacket
                0xe050188c                print_IPaddr
                0xe0500f28                NetSetEther
                0xe0501fb0                NetLoop
                0xe0500fe8                ArpRequest
                0xe0501ef0                VLAN_to_string
                0xe0501fa0                getenv_VLAN
                0xe0501298                NetCksum
                0xe05012e4                NetSetIP
                0xe0501f48                string_to_VLAN
                0xe050118c                NetStartAgain
                0xe050117c                NetSetHandler
                0xe050158c                PingSend
                0xe0501294                NetSendPacket
 .text          0xe050246c      0xaa8 net/libnet.a(tftp.o)
                0xe0502c34                TftpStart
 .text          0xe0502f14      0x9b4 net/libnet.a(bootp.o)
                0xe05038c4                DhcpRequest
                0xe0503188                BootpRequest
 .text          0xe05038c8      0x184 net/libnet.a(rarp.o)
                0xe0503904                RarpRequest
 .text          0xe0503a4c        0x8 net/libnet.a(eth.o)
                0xe0503a4c                eth_initialize
 .text          0xe0503a54     0x1ee0 drivers/libdrivers.a(cfi_flash.o)
                0xe0503cf8                flash_get_sect
                0xe05047b0                flash_get_size
                0xe0503a7c                flash_read_ushort
                0xe05045d8                flash_erase
                0xe0504158                flash_read_user_serial
                0xe0504e6c                flash_init
                0xe0503b24                flash_print_info
                0xe0503aa4                flash_read_long
                0xe05044e0                flash_real_protect
                0xe0503a68                flash_read_uchar
                0xe0503a54                flash_make_addr
                0xe05040f8                flash_read_factory_serial
                0xe05051dc                write_buff
 .text          0xe0505934      0x208 drivers/libdrivers.a(serial_pl011.o)
                0xe0505990                serial_setbrg
                0xe0505994                serial_tstc
                0xe0505ae8                serial_putc
                0xe0505974                serial_setport
                0xe0505934                serial_init
                0xe0505b14                serial_puts
                0xe0505a10                serial_getc
 .text          0xe0505b3c      0xe00 common/libcommon.a(main.o)
                0xe0506244                run_command
                0xe0505cb4                readline
                0xe05066e8                main_loop
                0xe0505b3c                init_cmd_timeout
                0xe0505b8c                reset_cmd_timeout
 .text          0xe050693c       0xe4 common/libcommon.a(cmd_bdinfo.o)
                0xe0506950                do_bdinfo
 .text          0xe0506a20       0x84 common/libcommon.a(cmd_boot.o)
                0xe0506a20                do_go
 .text          0xe0506aa4      0xc68 common/libcommon.a(cmd_bootm.o)
                0xe0506aa4                print_image_hdr
                0xe0506e9c                gunzip
                0xe0506ffc                do_bootm
 .text          0xe050770c      0xca8 common/libcommon.a(cmd_flash.o)
                0xe0507be4                do_flinfo
                0xe0507c84                flash_sect_erase
                0xe0508094                do_protect
                0xe0507db0                do_flerase
                0xe0507f70                flash_sect_protect
 .text          0xe05083b4      0x9e4 common/libcommon.a(cmd_load.o)
                0xe05085b4                k_data_init
                0xe0508448                s1_sendpacket
                0xe0508708                handle_send_packet
                0xe0508640                k_data_restore
                0xe05084d8                send_nack
                0xe0508920                do_load_serial_bin
                0xe05086a4                k_data_char
                0xe0508418                chk1
                0xe05085dc                k_data_save
                0xe05083f0                ktrans
                0xe05083b4                send_pad
                0xe0508474                send_ack
 .text          0xe0508d98      0xed0 common/libcommon.a(cmd_mem.o)
                0xe0509408                do_mem_base
                0xe0509018                do_mem_mw
                0xe0509bb0                do_mem_crc
                0xe0509b60                do_mem_nm
                0xe0509b88                do_mem_mm
                0xe05092bc                do_mem_cp
                0xe0509550                do_mem_mtest
                0xe05090e8                do_mem_cmp
                0xe0508d98                cmd_get_data_size
                0xe050944c                do_mem_loop
                0xe0508e0c                do_mem_md
 .text          0xe0509c68      0x3e8 common/libcommon.a(cmd_net.o)
                0xe0509fa0                do_tftp
                0xe0509f94                do_rarpb
                0xe0509fb8                do_ping
                0xe0509f88                do_dhcp
                0xe0509fac                do_bootp
 .text          0xe050a050      0x8b4 common/libcommon.a(cmd_nvedit.o)
                0xe050a794                getenv
                0xe050a270                _do_setenv
                0xe050a814                getenv_r
                0xe050a0bc                do_printenv
                0xe050a718                setenv
                0xe050a8d8                do_saveenv
                0xe050a754                do_setenv
 .text          0xe050a904      0x8c8 common/libcommon.a(command.o)
                0xe050a924                do_echo
                0xe050acec                cmd_auto_complete
                0xe050a9a4                find_cmd
                0xe050acbc                install_auto_complete
                0xe050aa4c                do_help
                0xe050ac10                var_complete
                0xe050a904                do_version
 .text          0xe050b1cc      0x8c4 common/libcommon.a(console.o)
                0xe050b8e0                console_init_r
                0xe050b430                printf
                0xe050b7a8                console_assign
                0xe050b3b0                getc
                0xe050b868                search_device
                0xe050b408                puts
                0xe050b79c                dbg
                0xe050b270                serial_printf
                0xe050b548                progressbar_show
                0xe050b2e0                ftstc
                0xe050b360                fprintf
                0xe050b3c8                tstc
                0xe050b478                vprintf
                0xe050b4b0                ctrlc
                0xe050b6e8                progressbar_init
                0xe050b3e0                putc
                0xe050b50c                disable_ctrlc
                0xe050b2b8                fgetc
                0xe050b524                had_ctrlc
                0xe050b308                fputc
                0xe050b838                console_init_f
                0xe050b534                clear_ctrlc
                0xe050b334                fputs
 .text          0xe050ba90       0xf0 common/libcommon.a(devices.o)
                0xe050ba90                device_register
                0xe050bb64                devices_done
                0xe050bab4                devices_init
 .text          0xe050bb80     0x1098 common/libcommon.a(dlmalloc.o)
                0xe050beb0                malloc
                0xe050ca78                pvalloc
                0xe050ca90                calloc
                0xe050cb64                malloc_usable_size
                0xe050c4f8                realloc
                0xe050bbb4                malloc_trim
                0xe050bb80                malloc_bin_reloc
                0xe050cba0                mallopt
                0xe050c95c                memalign
                0xe050cb60                cfree
                0xe050ca6c                valloc
                0xe050bc8c                free
 .text          0xe050cc18      0x268 common/libcommon.a(env_common.o)
                0xe050cc88                env_get_addr
                0xe050cd3c                env_complete
                0xe050cca8                env_relocate
                0xe050cc18                env_crc_update
                0xe050cc68                env_get_char_memory
 .text          0xe050ce80      0x148 common/libcommon.a(env_flash.o)
                0xe050cfa8                env_relocate_spec
                0xe050cee4                saveenv
                0xe050ce80                env_get_char_spec
                0xe050ce8c                env_init
 .text          0xe050cfc8       0x90 common/libcommon.a(exports.o)
                0xe050cfd4                jumptable_init
                0xe050cfcc                get_version
 .text          0xe050d058      0x3e4 common/libcommon.a(flash.o)
                0xe050d1b8                flash_write
                0xe050d058                flash_protect
                0xe050d170                addr2info
                0xe050d35c                flash_perror
 .text          0xe050d43c      0x3cc common/libcommon.a(lists.o)
                0xe050d49c                DisposeHandle
                0xe050d5ac                ListDispose
                0xe050d5b0                ListInsertItems
                0xe050d598                ListSetAllocationPolicy
                0xe050d7f0                ListGetItemSize
                0xe050d7e4                ListGetDataPtr
                0xe050d43c                NewHandle
                0xe050d4c4                SetHandleSize
                0xe050d764                ListInsertItem
                0xe050d4bc                GetHandleSize
                0xe050d7fc                ListNumItems
                0xe050d7b4                ListGetPtrToItem
                0xe050d538                ListCreate
                0xe050d76c                ListGetItems
 .text          0xe050d808     0x1600 drivers/hisilicon/libdrv.a(hisilicon-net.o)
                0xe050e118                ETH_ReadQueueUseLength
                0xe050e26c                ETH_SetPortShortFrameReceive
                0xe050e378                ETH_SetPHYFrequency
                0xe050e8dc                ETH_SetioutQueuelen
                0xe050ed24                ETH_Init
                0xe050e5c4                ETH_AddMACFiltFormContent
                0xe050e30c                ETH_SetShortFrameLength
                0xe050e870                printOneMemory
                0xe050e358                ETH_SetPHYExternAddress
                0xe050e004                ETH_SetNormalInterruptStyle
                0xe050eb50                eth_halt
                0xe050e28c                ETH_SetPortPostFrameSend
                0xe050e604                ETH_ReadMACFiltFormContent
                0xe050e8c4                transmit_frame_addr
                0xe050df98                ETH_SetInterruptEnable
                0xe050e408                ETH_ReadPHYPortInformation
                0xe050e9bc                eth_soft_reset
                0xe050e2ac                ETH_SetPortCountRollCtrl
                0xe050e770                ETH_FrameTransmit
                0xe050eb4c                ETH_SoftResetPort
                0xe050e80c                PrintMemory
                0xe050e648                ETH_SetInMACFiltCtrl_local
                0xe050eabc                init_eth_mac_env
                0xe050e7c4                TestCpuSentFrame
                0xe050e4fc                ETH_PhyRead
                0xe050e0d4                ETH_SetPauseFrameLimitLevel
                0xe050d808                Calc_CRC32
                0xe050dfe0                ETH_ClearInterruptStatus
                0xe050e398                ETH_SetPHYChipInformationAddress
                0xe050e01c                ETH_SetEndian
                0xe050dfc8                ETH_ReadInterruptStatus
                0xe050e894                SetRegister
                0xe050d8a4                caculate_crc32
                0xe050e908                ETH_FrameTransmitPacket
                0xe050e2cc                ETH_SetFrameCRCCtlRebuild
                0xe050e680                ETH_SetInMACFiltenable
                0xe050e234                ETH_ClearPortCountInformation
                0xe050ebb4                ETH_InterruptHandler
                0xe050e2ec                ETH_SetLongFrameLength
                0xe050ea40                string_to_mac
                0xe050ea24                ETH_changcontrol__
                0xe050e6b8                ETH_SetMACFiltCtrl_destination
                0xe050dfb0                ETH_ReadInterruptEnable
                0xe050e13c                ETH_SetFrameConfiguration
                0xe050e9ac                ETH_SetMACFiltCtrl
                0xe050e948                ETH_SET_MAC
                0xe050e1c8                ETH_ReadSpeedLinkDuplexMode
                0xe050eb54                eth_rx
                0xe050e24c                ETH_SetPortCntCleanEnable
                0xe050e9fc                ETH_changcontrol
                0xe050e1fc                ETH_ClearSpeedLinkDuplexMode
                0xe050e6ec                ETH_FrameReceive
                0xe050e048                ETH_SetFrameQueueLength
                0xe050edf4                eth_init
                0xe050e440                ETH_PhyWrite
                0xe050e32c                ETH_SetLoopBackEnable
                0xe050e190                ETH_SetSpeedLinkDuplexMode
                0xe050eb90                eth_send
                0xe050e170                ETH_SetPortStatusMode
 .text          0xe050ee08      0x258 drivers/hisilicon/libdrv.a(watchdog.o)
                0xe050eed8                reconfig_hidog
                0xe050eea4                hw_watchdog_reset
 .text          0xe050f060       0xfc lib_generic/libgeneric.a(crc32.o)
                0xe050f060                crc32
 .text          0xe050f15c       0xb8 lib_generic/libgeneric.a(display_options.o)
                0xe050f15c                display_options
                0xe050f17c                print_size
 .text          0xe050f214      0x62c lib_generic/libgeneric.a(string.o)
                0xe050f2a0                strcpy
                0xe050f784                memscan
                0xe050f6f0                memmove
                0xe050f6c8                memcpy
                0xe050f61c                strswab
                0xe050f450                strnlen
                0xe050f418                strrchr
                0xe050f2e0                strcat
                0xe050f810                memchr
                0xe050f7a8                strstr
                0xe050f37c                strncmp
                0xe050f2bc                strncpy
                0xe050f69c                bcopy
                0xe050f560                strtok
                0xe050f750                memcmp
                0xe050f30c                strncat
                0xe050f488                strdup
                0xe050f678                memset
                0xe050f34c                strcmp
                0xe050f5e4                strsep
                0xe050f214                strnicmp
                0xe050f4c0                strspn
                0xe050f3f4                strlen
                0xe050f3c4                strchr
                0xe050f520                strpbrk
 .text          0xe050f840      0x7a0 lib_generic/libgeneric.a(vsprintf.o)
                0xe050fb98                vsprintf
                0xe050f8f8                simple_strtol
                0xe050ff98                panic
                0xe050ff78                sprintf
                0xe050f840                simple_strtoul
 .text          0xe050ffe0     0x2a3c lib_generic/libgeneric.a(zlib.o)
                0xe0510d94                inflate
                0xe0510320                inflateInit2
                0xe05104d8                inflateIncomp
                0xe05128a8                adler32
                0xe05101ac                inflateReset
                0xe0510214                inflateSync
                0xe0510480                inflateInit
                0xe051010c                inflateEnd
 .text          0xe0512a1c      0x250 board/hi3511v110/libhi3511v110.a(board.o)
                0xe0512c4c                dram_init
                0xe0512a30                ledv8_off
                0xe0512a70                led_on
                0xe0512a1c                ledv8_on
                0xe0512a44                dogv8_ext_feed
                0xe0512b70                board_init
                0xe0512ae8                led_off
                0xe0512c28                misc_init_r
                0xe0512b00                gpio_init
 .text          0xe0512c6c      0x144 cpu/hi3511v100/libhi3511v100.a(cpu.o)
                0xe0512d38                get_mclk
                0xe0512cac                cleanup_before_linux
                0xe0512ca4                cpu_init
                0xe0512cec                icache_enable
                0xe0512cd4                do_reset
                0xe0512d08                icache_disable
                0xe0512d24                icache_status
 .text          0xe0512db0       0xb4 lib_arm/libarm.a(_umodsi3.o)
                0xe0512db0                __umodsi3
 .text          0xe0512e64      0x488 lib_arm/libarm.a(armlinux.o)
                0xe0512e64                do_bootm_linux
 .text          0xe05132ec        0x4 lib_arm/libarm.a(cache.o)
                0xe05132ec                flush_cache
 .text          0xe05132f0      0x140 /home/bamboo/work/hi3511/cross_tools/gcc-3.4.3-uClibc-0.9.28/bin/../lib/gcc/arm-hisi-linux/3.4.3/libgcc.a(_divsi3.oS)
                0xe05132f0                __divsi3
                0xe0513418                __aeabi_idivmod
 .text          0xe0513430       0xe4 /home/bamboo/work/hi3511/cross_tools/gcc-3.4.3-uClibc-0.9.28/bin/../lib/gcc/arm-hisi-linux/3.4.3/libgcc.a(_modsi3.oS)
                0xe0513430                __modsi3

.glue_7         0xe0513514        0x0

.glue_7t        0xe0513514        0x0

.rodata         0xe0513514      0x508
 *(.rodata)
 .rodata        0xe0513514       0x80 cpu/hi3511v100/libhi3511v100.a(interrupts.o)
 .rodata        0xe0513594       0x44 lib_arm/libarm.a(board.o)
                0xe0513594                version_string
 .rodata        0xe05135d8        0x8 net/libnet.a(net.o)
 .rodata        0xe05135e0        0x4 drivers/libdrivers.a(serial_pl011.o)
 .rodata        0xe05135e4       0x20 common/libcommon.a(cmd_mem.o)
 .rodata        0xe0513604       0x14 common/libcommon.a(cmd_nvedit.o)
 .rodata        0xe0513618        0x3 drivers/hisilicon/libdrv.a(hisilicon-net.o)
                0xe0513619                CALC_CRC_MULTI_CONTINUE
                0xe051361a                CALC_CRC_NORMAL
                0xe0513618                CALC_CRC_MULTI_END
 *fill*         0xe051361b        0x1 00
 .rodata        0xe051361c      0x400 lib_generic/libgeneric.a(crc32.o)

.rodata.str1.4  0xe0513a1c     0x33f4
 .rodata.str1.4
                0xe0513a1c      0x293 cpu/hi3511v100/libhi3511v100.a(interrupts.o)
                                0x29c (size before relaxing)
 *fill*         0xe0513caf        0x1 00
 .rodata.str1.4
                0xe0513cb0       0xf9 lib_arm/libarm.a(board.o)
                                0x100 (size before relaxing)
 *fill*         0xe0513da9        0x3 00
 .rodata.str1.4
                0xe0513dac      0x1ed net/libnet.a(net.o)
                                0x1f0 (size before relaxing)
 *fill*         0xe0513f99        0x3 00
 .rodata.str1.4
                0xe0513f9c      0x2a3 net/libnet.a(tftp.o)
                                0x2b0 (size before relaxing)
 *fill*         0xe051423f        0x1 00
 .rodata.str1.4
                0xe0514240       0xd1 net/libnet.a(bootp.o)
                                0x108 (size before relaxing)
 *fill*         0xe0514311        0x3 00
 .rodata.str1.4
                0xe0514314       0x13 net/libnet.a(rarp.o)
                                 0x48 (size before relaxing)
 *fill*         0xe0514327        0x1 00
 .rodata.str1.4
                0xe0514328      0x395 drivers/libdrivers.a(cfi_flash.o)
                                0x3a0 (size before relaxing)
 *fill*         0xe05146bd        0x3 00
 .rodata.str1.4
                0xe05146c0      0x13c common/libcommon.a(main.o)
                                0x148 (size before relaxing)
 .rodata.str1.4
                0xe05147fc       0xbf common/libcommon.a(cmd_bdinfo.o)
                                 0xc0 (size before relaxing)
 *fill*         0xe05148bb        0x1 00
 .rodata.str1.4
                0xe05148bc      0x10b common/libcommon.a(cmd_boot.o)
                                0x118 (size before relaxing)
 *fill*         0xe05149c7        0x1 00
 .rodata.str1.4
                0xe05149c8      0x61a common/libcommon.a(cmd_bootm.o)
                                0x638 (size before relaxing)
 *fill*         0xe0514fe2        0x2 00
 .rodata.str1.4
                0xe0514fe4      0x773 common/libcommon.a(cmd_flash.o)
                                0x7bc (size before relaxing)
 *fill*         0xe0515757        0x1 00
 .rodata.str1.4
                0xe0515758      0x1bc common/libcommon.a(cmd_load.o)
                                0x1d4 (size before relaxing)
 .rodata.str1.4
                0xe0515914      0x781 common/libcommon.a(cmd_mem.o)
                                0x79c (size before relaxing)
 *fill*         0xe0516095        0x3 00
 .rodata.str1.4
                0xe0516098      0x236 common/libcommon.a(cmd_net.o)
                                0x28c (size before relaxing)
 *fill*         0xe05162ce        0x2 00
 .rodata.str1.4
                0xe05162d0      0x28d common/libcommon.a(cmd_nvedit.o)
                                0x304 (size before relaxing)
 *fill*         0xe051655d        0x3 00
 .rodata.str1.4
                0xe0516560      0x284 common/libcommon.a(command.o)
                                0x2b4 (size before relaxing)
 .rodata.str1.4
                0xe05167e4       0x99 common/libcommon.a(console.o)
                                 0xa4 (size before relaxing)
 *fill*         0xe051687d        0x3 00
 .rodata.str1.4
                0xe0516880       0x28 common/libcommon.a(devices.o)
                                 0x48 (size before relaxing)
 .rodata.str1.4
                0xe05168a8       0x33 common/libcommon.a(env_common.o)
                                 0x38 (size before relaxing)
 *fill*         0xe05168db        0x1 00
 .rodata.str1.4
                0xe05168dc       0x31 common/libcommon.a(env_flash.o)
                                 0x3c (size before relaxing)
 *fill*         0xe051690d        0x3 00
 .rodata.str1.4
                0xe0516910      0x12d common/libcommon.a(flash.o)
                                0x130 (size before relaxing)
 *fill*         0xe0516a3d        0x3 00
 .rodata.str1.4
                0xe0516a40       0x6f drivers/hisilicon/libdrv.a(hisilicon-net.o)
                                 0x88 (size before relaxing)
 *fill*         0xe0516aaf        0x1 00
 .rodata.str1.4
                0xe0516ab0       0x5d drivers/hisilicon/libdrv.a(watchdog.o)
                                 0x70 (size before relaxing)
 *fill*         0xe0516b0d        0x3 00
 .rodata.str1.4
                0xe0516b10       0x17 lib_generic/libgeneric.a(display_options.o)
                                 0x20 (size before relaxing)
 *fill*         0xe0516b27        0x1 00
 .rodata.str1.4
                0xe0516b28       0x57 lib_generic/libgeneric.a(vsprintf.o)
                                 0x58 (size before relaxing)
 *fill*         0xe0516b7f        0x1 00
 .rodata.str1.4
                0xe0516b80      0x20d lib_generic/libgeneric.a(zlib.o)
                                0x214 (size before relaxing)
 .rodata.str1.4
                0xe0516d8d        0x0 board/hi3511v110/libhi3511v110.a(board.o)
                                  0xc (size before relaxing)
 *fill*         0xe0516d8d        0x3 00
 .rodata.str1.4
                0xe0516d90       0x80 lib_arm/libarm.a(armlinux.o)
                                 0xe8 (size before relaxing)
                0xe0516e10                . = ALIGN (0x4)

.data           0xe0516e10      0xdc0
 *(.data)
 .data          0xe0516e10       0x2c lib_arm/libarm.a(board.o)
                0xe0516e10                init_sequence
 .data          0xe0516e3c        0xa net/libnet.a(net.o)
                0xe0516e40                NetBcastAddr
                0xe0516e3c                NetOurNativeVLAN
                0xe0516e3e                NetOurVLAN
 *fill*         0xe0516e46        0x2 00
 .data          0xe0516e48        0x4 net/libnet.a(tftp.o)
                0xe0516e48                upload_addr
 .data          0xe0516e4c        0xc drivers/libdrivers.a(cfi_flash.o)
 .data          0xe0516e58        0x4 drivers/libdrivers.a(serial_pl011.o)
 .data          0xe0516e5c       0x18 common/libcommon.a(main.o)
 .data          0xe0516e74        0x4 common/libcommon.a(cmd_bootm.o)
                0xe0516e74                load_addr
 .data          0xe0516e78        0x4 common/libcommon.a(cmd_mem.o)
                0xe0516e78                dp_last_length
 .data          0xe0516e7c        0xc common/libcommon.a(devices.o)
                0xe0516e7c                stdio_names
 .data          0xe0516e88      0x414 common/libcommon.a(dlmalloc.o)
 .data          0xe051729c      0x178 common/libcommon.a(env_common.o)
                0xe0517410                env_get_char
                0xe051729c                default_environment
 .data          0xe0517414        0xc common/libcommon.a(env_flash.o)
                0xe0517418                env_name_spec
                0xe0517414                env_ptr
 .data          0xe0517420      0x40c drivers/hisilicon/libdrv.a(hisilicon-net.o)
                0xe0517420                h_num
                0xe0517424                e_num
 .data          0xe051782c        0x4 drivers/hisilicon/libdrv.a(watchdog.o)
 .data          0xe0517830      0x2a0 lib_generic/libgeneric.a(zlib.o)
                0xe0517850                zlib_version
                0xe0517830                z_errmsg
 .data          0xe0517ad0      0x100 lib_generic/libgeneric.a(ctype.o)
                0xe0517ad0                _ctype
                0xe0517bd0                . = ALIGN (0x4)

.got
 *(.got)
                0xe0517bd0                __u_boot_cmd_start = .

.u_boot_cmd     0xe0517bd0      0x348
 *(.u_boot_cmd)
 .u_boot_cmd    0xe0517bd0       0x1c common/libcommon.a(cmd_bdinfo.o)
                0xe0517bd0                __u_boot_cmd_bdinfo
 .u_boot_cmd    0xe0517bec       0x38 common/libcommon.a(cmd_boot.o)
                0xe0517bec                __u_boot_cmd_reset
                0xe0517c08                __u_boot_cmd_go
 .u_boot_cmd    0xe0517c24       0x1c common/libcommon.a(cmd_bootm.o)
                0xe0517c24                __u_boot_cmd_bootm
 .u_boot_cmd    0xe0517c40       0x54 common/libcommon.a(cmd_flash.o)
                0xe0517c78                __u_boot_cmd_flinfo
                0xe0517c5c                __u_boot_cmd_erase
                0xe0517c40                __u_boot_cmd_protect
 .u_boot_cmd    0xe0517c94       0x1c common/libcommon.a(cmd_load.o)
                0xe0517c94                __u_boot_cmd_loadb
 .u_boot_cmd    0xe0517cb0      0x118 common/libcommon.a(cmd_mem.o)
                0xe0517dac                __u_boot_cmd_md
                0xe0517d20                __u_boot_cmd_cmp
                0xe0517d58                __u_boot_cmd_mw
                0xe0517ccc                __u_boot_cmd_loop
                0xe0517ce8                __u_boot_cmd_base
                0xe0517d90                __u_boot_cmd_mm
                0xe0517d04                __u_boot_cmd_crc32
                0xe0517d74                __u_boot_cmd_nm
                0xe0517cb0                __u_boot_cmd_mtest
                0xe0517d3c                __u_boot_cmd_cp
 .u_boot_cmd    0xe0517dc8       0x8c common/libcommon.a(cmd_net.o)
                0xe0517e1c                __u_boot_cmd_tftp
                0xe0517dc8                __u_boot_cmd_ping
                0xe0517e00                __u_boot_cmd_rarpboot
                0xe0517e38                __u_boot_cmd_bootp
                0xe0517de4                __u_boot_cmd_dhcp
 .u_boot_cmd    0xe0517e54       0x54 common/libcommon.a(cmd_nvedit.o)
                0xe0517e54                __u_boot_cmd_saveenv
                0xe0517e8c                __u_boot_cmd_printenv
                0xe0517e70                __u_boot_cmd_setenv
 .u_boot_cmd    0xe0517ea8       0x70 common/libcommon.a(command.o)
                0xe0517ee0                __u_boot_cmd_echo
                0xe0517ea8                __u_boot_cmd_question_mark
                0xe0517efc                __u_boot_cmd_version
                0xe0517ec4                __u_boot_cmd_help
                0xe0517f18                __u_boot_cmd_end = .
                0xe0517f20                . = ALIGN (0x20)
                0xe0517f20                __bss_start = .

.bss            0xe0517f20     0x6d8c
 *(.bss)
 .bss           0xe0517f20        0x8 cpu/hi3511v100/libhi3511v100.a(interrupts.o)
 .bss           0xe0517f28       0x10 lib_arm/libarm.a(board.o)
                0xe0517f28                monitor_flash_len
 .bss           0xe0517f38     0x25d0 net/libnet.a(net.o)
                0xe051a4e8                NetArpWaitTry
                0xe0519eb8                NetArpWaitPacketMAC
                0xe0517fdc                NetOurEther
                0xe0517fe4                NetOurIP
                0xe051808c                NetPingIP
                0xe0517fe8                NetServerIP
                0xe0519ec0                NetArpWaitTxPacketSize
                0xe0519eb4                NetArpWaitReplyIP
                0xe0517fec                NetRxPackets
                0xe0519ebc                NetArpWaitTxPacket
                0xe0517faa                NetOurNISDomain
                0xe0519eb0                NetArpWaitPacketIP
                0xe0518008                NetState
                0xe051800c                BootFile
                0xe0517f42                NetServerEther
                0xe0517fd4                NetOurSubnetMask
                0xe0517f48                NetBootFileSize
                0xe0518004                NetIPID
                0xe0517f8a                NetOurHostName
                0xe0517ffc                NetRxPkt
                0xe0517fd0                NetOurGatewayIP
                0xe0517f3c                NetEtherNullAddr
                0xe0519ec4                NetArpWaitPacketBuf
                0xe0518000                NetRxPktLen
                0xe0517f38                NetTxPacket
                0xe0517fd8                NetBootFileXferSize
                0xe0517fcc                NetOurDNSIP
                0xe0518090                PktBuf
                0xe0517f4a                NetOurRootPath
                0xe051a4e4                NetArpWaitTimerStart
 .bss           0xe051a508       0x38 net/libnet.a(tftp.o)
                0xe051a508                upload_size
 .bss           0xe051a540       0x14 net/libnet.a(bootp.o)
                0xe051a540                NetDHCPServerIP
                0xe051a548                dhcp_state
                0xe051a550                BootpTry
                0xe051a54c                BootpID
                0xe051a544                dhcp_leasetime
 .bss           0xe051a554        0x4 net/libnet.a(rarp.o)
                0xe051a554                RarpTry
 .bss           0xe051a558      0xa30 drivers/libdrivers.a(cfi_flash.o)
                0xe051a558                flash_info
 .bss           0xe051af88        0x4 drivers/libdrivers.a(serial_pl011.o)
 .bss           0xe051af8c     0x2408 common/libcommon.a(main.o)
                0xe051af8c                console_buffer
 .bss           0xe051d394       0x40 common/libcommon.a(cmd_bootm.o)
                0xe051d394                header
 .bss           0xe051d3d4       0x88 common/libcommon.a(cmd_load.o)
                0xe051d400                his_pad_char
                0xe051d3d4                os_data_count
                0xe051d404                os_data_init
                0xe051d420                send_ptr
                0xe051d3d8                os_data_header
                0xe051d408                os_data_char
                0xe051d3f8                his_eol
                0xe051d401                his_quote
                0xe051d40c                send_parms
                0xe051d3fc                his_pad_count
 .bss           0xe051d45c       0x14 common/libcommon.a(cmd_mem.o)
                0xe051d460                dp_last_size
                0xe051d45c                dp_last_addr
                0xe051d468                mm_last_size
                0xe051d464                mm_last_addr
 .bss           0xe051d470      0x600 common/libcommon.a(command.o)
 .bss           0xe051da70       0x20 common/libcommon.a(console.o)
 .bss           0xe051da90       0x10 common/libcommon.a(devices.o)
                0xe051da9c                devlist
                0xe051da90                stdio_devices
 .bss           0xe051daa0       0x3c common/libcommon.a(dlmalloc.o)
 .bss           0xe051dadc      0x11c drivers/hisilicon/libdrv.a(hisilicon-net.o)
                0xe051dae0                SendTask
                0xe051dae8                TESTTask
                0xe051dae4                RecvTask
                0xe051dadc                rxlen
 .bss           0xe051dbf8        0x4 drivers/hisilicon/libdrv.a(watchdog.o)
 .bss           0xe051dbfc        0x4 lib_generic/libgeneric.a(string.o)
                0xe051dbfc                ___strtok
 .bss           0xe051dc00     0x10a8 lib_generic/libgeneric.a(zlib.o)
 .bss           0xe051eca8        0x4 lib_arm/libarm.a(armlinux.o)
                0xe051ecac                _end = .
段 .text 的地址设置为 0xe0500000
LOAD cpu/hi3511v100/start.o
START GROUP
LOAD lib_generic/libgeneric.a
LOAD board/hi3511v110/libhi3511v110.a
LOAD cpu/hi3511v100/libhi3511v100.a
LOAD lib_arm/libarm.a
LOAD fs/cramfs/libcramfs.a
LOAD fs/fat/libfat.a
LOAD fs/fdos/libfdos.a
LOAD fs/jffs2/libjffs2.a
LOAD fs/reiserfs/libreiserfs.a
LOAD fs/ext2/libext2fs.a
LOAD net/libnet.a
LOAD disk/libdisk.a
LOAD rtc/librtc.a
LOAD dtt/libdtt.a
LOAD drivers/libdrivers.a
LOAD drivers/sk98lin/libsk98lin.a
LOAD post/e2prom/libe2prom.a
LOAD post/libpost.a
LOAD post/cpu/libcpu.a
LOAD common/libcommon.a
LOAD drivers/hisilicon/libdrv.a
END GROUP
LOAD /home/bamboo/work/hi3511/cross_tools/gcc-3.4.3-uClibc-0.9.28/bin/../lib/gcc/arm-hisi-linux/3.4.3/libgcc.a
OUTPUT(u-boot elf32-littlearm)

.stab           0x00000000      0x9a8
 .stab          0x00000000      0x444 cpu/hi3511v100/start.o
 .stab          0x00000444       0xf0 lib_arm/lowlevel.o
                                 0xfc (size before relaxing)
 .stab          0x00000534      0x210 lib_arm/libarm.a(_udivsi3.o)
                                0x21c (size before relaxing)
 .stab          0x00000744      0x264 lib_arm/libarm.a(_umodsi3.o)
                                0x270 (size before relaxing)

.stabstr        0x00000000       0xfa
 .stabstr       0x00000000       0xfa cpu/hi3511v100/start.o

.debug_abbrev   0x00000000     0x4216
 .debug_abbrev  0x00000000       0xaf cpu/hi3511v100/lowlevel_init.o
 .debug_abbrev  0x000000af       0x3f board/hi3511v110/lowlevel_init.o
 .debug_abbrev  0x000000ee      0x1bb cpu/hi3511v100/libhi3511v100.a(interrupts.o)
 .debug_abbrev  0x000002a9      0x200 lib_arm/libarm.a(board.o)
 .debug_abbrev  0x000004a9       0x3a lib_arm/libarm.a(div0.o)
 .debug_abbrev  0x000004e3      0x2fc net/libnet.a(net.o)
 .debug_abbrev  0x000007df      0x1f8 net/libnet.a(tftp.o)
 .debug_abbrev  0x000009d7      0x2d4 net/libnet.a(bootp.o)
 .debug_abbrev  0x00000cab      0x108 net/libnet.a(rarp.o)
 .debug_abbrev  0x00000db3       0xac net/libnet.a(eth.o)
 .debug_abbrev  0x00000e5f      0x296 drivers/libdrivers.a(cfi_flash.o)
 .debug_abbrev  0x000010f5      0x14e drivers/libdrivers.a(serial_pl011.o)
 .debug_abbrev  0x00001243      0x269 common/libcommon.a(main.o)
 .debug_abbrev  0x000014ac      0x119 common/libcommon.a(cmd_bdinfo.o)
 .debug_abbrev  0x000015c5       0xd6 common/libcommon.a(cmd_boot.o)
 .debug_abbrev  0x0000169b      0x2a6 common/libcommon.a(cmd_bootm.o)
 .debug_abbrev  0x00001941      0x1ad common/libcommon.a(cmd_flash.o)
 .debug_abbrev  0x00001aee      0x248 common/libcommon.a(cmd_load.o)
 .debug_abbrev  0x00001d36      0x1c7 common/libcommon.a(cmd_mem.o)
 .debug_abbrev  0x00001efd      0x18c common/libcommon.a(cmd_net.o)
 .debug_abbrev  0x00002089      0x23f common/libcommon.a(cmd_nvedit.o)
 .debug_abbrev  0x000022c8      0x266 common/libcommon.a(command.o)
 .debug_abbrev  0x0000252e      0x230 common/libcommon.a(console.o)
 .debug_abbrev  0x0000275e      0x13c common/libcommon.a(devices.o)
 .debug_abbrev  0x0000289a      0x1d6 common/libcommon.a(dlmalloc.o)
 .debug_abbrev  0x00002a70      0x1c5 common/libcommon.a(env_common.o)
 .debug_abbrev  0x00002c35      0x178 common/libcommon.a(env_flash.o)
 .debug_abbrev  0x00002dad       0xf3 common/libcommon.a(exports.o)
 .debug_abbrev  0x00002ea0      0x161 common/libcommon.a(flash.o)
 .debug_abbrev  0x00003001      0x18e common/libcommon.a(lists.o)
 .debug_abbrev  0x0000318f      0x2bc drivers/hisilicon/libdrv.a(hisilicon-net.o)
 .debug_abbrev  0x0000344b      0x191 drivers/hisilicon/libdrv.a(watchdog.o)
 .debug_abbrev  0x000035dc       0x90 lib_generic/libgeneric.a(crc32.o)
 .debug_abbrev  0x0000366c       0xc3 lib_generic/libgeneric.a(display_options.o)
 .debug_abbrev  0x0000372f      0x177 lib_generic/libgeneric.a(string.o)
 .debug_abbrev  0x000038a6      0x1ad lib_generic/libgeneric.a(vsprintf.o)
 .debug_abbrev  0x00003a53      0x27c lib_generic/libgeneric.a(zlib.o)
 .debug_abbrev  0x00003ccf       0x42 lib_generic/libgeneric.a(ctype.o)
 .debug_abbrev  0x00003d11      0x12e board/hi3511v110/libhi3511v110.a(board.o)
 .debug_abbrev  0x00003e3f      0x165 cpu/hi3511v100/libhi3511v100.a(cpu.o)
 .debug_abbrev  0x00003fa4      0x1fc lib_arm/libarm.a(armlinux.o)
 .debug_abbrev  0x000041a0       0x4e lib_arm/libarm.a(cache.o)
 .debug_abbrev  0x000041ee       0x14 /home/bamboo/work/hi3511/cross_tools/gcc-3.4.3-uClibc-0.9.28/bin/../lib/gcc/arm-hisi-linux/3.4.3/libgcc.a(_divsi3.oS)
 .debug_abbrev  0x00004202       0x14 /home/bamboo/work/hi3511/cross_tools/gcc-3.4.3-uClibc-0.9.28/bin/../lib/gcc/arm-hisi-linux/3.4.3/libgcc.a(_modsi3.oS)

.debug_info     0x00000000    0x1346b
 .debug_info    0x00000000      0x149 cpu/hi3511v100/lowlevel_init.o
 .debug_info    0x00000149       0x8d board/hi3511v110/lowlevel_init.o
 .debug_info    0x000001d6      0x40f cpu/hi3511v100/libhi3511v100.a(interrupts.o)
 .debug_info    0x000005e5      0x545 lib_arm/libarm.a(board.o)
 .debug_info    0x00000b2a       0x44 lib_arm/libarm.a(div0.o)
 .debug_info    0x00000b6e     0x16c3 net/libnet.a(net.o)
 .debug_info    0x00002231      0x6a9 net/libnet.a(tftp.o)
 .debug_info    0x000028da      0xb7c net/libnet.a(bootp.o)
 .debug_info    0x00003456      0x245 net/libnet.a(rarp.o)
 .debug_info    0x0000369b      0x17d net/libnet.a(eth.o)
 .debug_info    0x00003818     0x170a drivers/libdrivers.a(cfi_flash.o)
 .debug_info    0x00004f22      0x2d4 drivers/libdrivers.a(serial_pl011.o)
 .debug_info    0x000051f6      0x8e4 common/libcommon.a(main.o)
 .debug_info    0x00005ada      0x3d8 common/libcommon.a(cmd_bdinfo.o)
 .debug_info    0x00005eb2      0x200 common/libcommon.a(cmd_boot.o)
 .debug_info    0x000060b2      0xe60 common/libcommon.a(cmd_bootm.o)
 .debug_info    0x00006f12      0x8e4 common/libcommon.a(cmd_flash.o)
 .debug_info    0x000077f6      0x9d1 common/libcommon.a(cmd_load.o)
 .debug_info    0x000081c7      0xae1 common/libcommon.a(cmd_mem.o)
 .debug_info    0x00008ca8      0x586 common/libcommon.a(cmd_net.o)
 .debug_info    0x0000922e      0x88f common/libcommon.a(cmd_nvedit.o)
 .debug_info    0x00009abd      0x944 common/libcommon.a(command.o)
 .debug_info    0x0000a401      0xa60 common/libcommon.a(console.o)
 .debug_info    0x0000ae61      0x2f8 common/libcommon.a(devices.o)
 .debug_info    0x0000b159      0xb91 common/libcommon.a(dlmalloc.o)
 .debug_info    0x0000bcea      0x4a5 common/libcommon.a(env_common.o)
 .debug_info    0x0000c18f      0x3c2 common/libcommon.a(env_flash.o)
 .debug_info    0x0000c551      0x28d common/libcommon.a(exports.o)
 .debug_info    0x0000c7de      0x5a4 common/libcommon.a(flash.o)
 .debug_info    0x0000cd82      0x4df common/libcommon.a(lists.o)
 .debug_info    0x0000d261     0x22ec drivers/hisilicon/libdrv.a(hisilicon-net.o)
 .debug_info    0x0000f54d      0x3dc drivers/hisilicon/libdrv.a(watchdog.o)
 .debug_info    0x0000f929      0x12a lib_generic/libgeneric.a(crc32.o)
 .debug_info    0x0000fa53      0x120 lib_generic/libgeneric.a(display_options.o)
 .debug_info    0x0000fb73      0x8ca lib_generic/libgeneric.a(string.o)
 .debug_info    0x0001043d      0x401 lib_generic/libgeneric.a(vsprintf.o)
 .debug_info    0x0001083e     0x16d4 lib_generic/libgeneric.a(zlib.o)
 .debug_info    0x00011f12       0x56 lib_generic/libgeneric.a(ctype.o)
 .debug_info    0x00011f68      0x3d0 board/hi3511v110/libhi3511v110.a(board.o)
 .debug_info    0x00012338      0x32c cpu/hi3511v100/libhi3511v100.a(cpu.o)
 .debug_info    0x00012664      0xb95 lib_arm/libarm.a(armlinux.o)
 .debug_info    0x000131f9       0xa8 lib_arm/libarm.a(cache.o)
 .debug_info    0x000132a1       0xe5 /home/bamboo/work/hi3511/cross_tools/gcc-3.4.3-uClibc-0.9.28/bin/../lib/gcc/arm-hisi-linux/3.4.3/libgcc.a(_divsi3.oS)
 .debug_info    0x00013386       0xe5 /home/bamboo/work/hi3511/cross_tools/gcc-3.4.3-uClibc-0.9.28/bin/../lib/gcc/arm-hisi-linux/3.4.3/libgcc.a(_modsi3.oS)

.debug_line     0x00000000     0x5508
 .debug_line    0x00000000       0x84 cpu/hi3511v100/lowlevel_init.o
 .debug_line    0x00000084       0x3f board/hi3511v110/lowlevel_init.o
 .debug_line    0x000000c3      0x149 cpu/hi3511v100/libhi3511v100.a(interrupts.o)
 .debug_line    0x0000020c      0x1af lib_arm/libarm.a(board.o)
 .debug_line    0x000003bb       0x33 lib_arm/libarm.a(div0.o)
 .debug_line    0x000003ee      0x6ea net/libnet.a(net.o)
 .debug_line    0x00000ad8      0x35b net/libnet.a(tftp.o)
 .debug_line    0x00000e33      0x3d7 net/libnet.a(bootp.o)
 .debug_line    0x0000120a       0xf2 net/libnet.a(rarp.o)
 .debug_line    0x000012fc       0xb1 net/libnet.a(eth.o)
 .debug_line    0x000013ad      0x5de drivers/libdrivers.a(cfi_flash.o)
 .debug_line    0x0000198b       0x92 drivers/libdrivers.a(serial_pl011.o)
 .debug_line    0x00001a1d      0x30f common/libcommon.a(main.o)
 .debug_line    0x00001d2c      0x11c common/libcommon.a(cmd_bdinfo.o)
 .debug_line    0x00001e48       0xcd common/libcommon.a(cmd_boot.o)
 .debug_line    0x00001f15      0x3c5 common/libcommon.a(cmd_bootm.o)
 .debug_line    0x000022da      0x25b common/libcommon.a(cmd_flash.o)
 .debug_line    0x00002535      0x2f0 common/libcommon.a(cmd_load.o)
 .debug_line    0x00002825      0x318 common/libcommon.a(cmd_mem.o)
 .debug_line    0x00002b3d      0x138 common/libcommon.a(cmd_net.o)
 .debug_line    0x00002c75      0x2a7 common/libcommon.a(cmd_nvedit.o)
 .debug_line    0x00002f1c      0x1f6 common/libcommon.a(command.o)
 .debug_line    0x00003112      0x2c2 common/libcommon.a(console.o)
 .debug_line    0x000033d4       0xb0 common/libcommon.a(devices.o)
 .debug_line    0x00003484      0x39f common/libcommon.a(dlmalloc.o)
 .debug_line    0x00003823      0x170 common/libcommon.a(env_common.o)
 .debug_line    0x00003993      0x15b common/libcommon.a(env_flash.o)
 .debug_line    0x00003aee       0xce common/libcommon.a(exports.o)
 .debug_line    0x00003bbc      0x18c common/libcommon.a(flash.o)
 .debug_line    0x00003d48       0xfd common/libcommon.a(lists.o)
 .debug_line    0x00003e45      0x4da drivers/hisilicon/libdrv.a(hisilicon-net.o)
 .debug_line    0x0000431f      0x13f drivers/hisilicon/libdrv.a(watchdog.o)
 .debug_line    0x0000445e       0x80 lib_generic/libgeneric.a(crc32.o)
 .debug_line    0x000044de       0x9b lib_generic/libgeneric.a(display_options.o)
 .debug_line    0x00004579      0x1d6 lib_generic/libgeneric.a(string.o)
 .debug_line    0x0000474f      0x1eb lib_generic/libgeneric.a(vsprintf.o)
 .debug_line    0x0000493a      0x5e4 lib_generic/libgeneric.a(zlib.o)
 .debug_line    0x00004f1e       0x25 lib_generic/libgeneric.a(ctype.o)
 .debug_line    0x00004f43      0x12d board/hi3511v110/libhi3511v110.a(board.o)
 .debug_line    0x00005070       0xe6 cpu/hi3511v100/libhi3511v100.a(cpu.o)
 .debug_line    0x00005156      0x27b lib_arm/libarm.a(armlinux.o)
 .debug_line    0x000053d1       0x34 lib_arm/libarm.a(cache.o)
 .debug_line    0x00005405       0x90 /home/bamboo/work/hi3511/cross_tools/gcc-3.4.3-uClibc-0.9.28/bin/../lib/gcc/arm-hisi-linux/3.4.3/libgcc.a(_divsi3.oS)
 .debug_line    0x00005495       0x73 /home/bamboo/work/hi3511/cross_tools/gcc-3.4.3-uClibc-0.9.28/bin/../lib/gcc/arm-hisi-linux/3.4.3/libgcc.a(_modsi3.oS)

.debug_frame    0x00000000     0x27c0
 .debug_frame   0x00000000       0x5c cpu/hi3511v100/lowlevel_init.o
 .debug_frame   0x0000005c       0x28 board/hi3511v110/lowlevel_init.o
 .debug_frame   0x00000084      0x1d8 cpu/hi3511v100/libhi3511v100.a(interrupts.o)
 .debug_frame   0x0000025c       0x9c lib_arm/libarm.a(board.o)
 .debug_frame   0x000002f8       0x20 lib_arm/libarm.a(div0.o)
 .debug_frame   0x00000318      0x2c0 net/libnet.a(net.o)
 .debug_frame   0x000005d8       0xac net/libnet.a(tftp.o)
 .debug_frame   0x00000684       0xfc net/libnet.a(bootp.o)
 .debug_frame   0x00000780       0x60 net/libnet.a(rarp.o)
 .debug_frame   0x000007e0       0x20 net/libnet.a(eth.o)
 .debug_frame   0x00000800      0x2c4 drivers/libdrivers.a(cfi_flash.o)
 .debug_frame   0x00000ac4       0xb8 drivers/libdrivers.a(serial_pl011.o)
 .debug_frame   0x00000b7c       0xdc common/libcommon.a(main.o)
 .debug_frame   0x00000c58       0x3c common/libcommon.a(cmd_bdinfo.o)
 .debug_frame   0x00000c94       0x2c common/libcommon.a(cmd_boot.o)
 .debug_frame   0x00000cc0       0x9c common/libcommon.a(cmd_bootm.o)
 .debug_frame   0x00000d5c      0x130 common/libcommon.a(cmd_flash.o)
 .debug_frame   0x00000e8c      0x158 common/libcommon.a(cmd_load.o)
 .debug_frame   0x00000fe4      0x18c common/libcommon.a(cmd_mem.o)
 .debug_frame   0x00001170       0x90 common/libcommon.a(cmd_net.o)
 .debug_frame   0x00001200      0x108 common/libcommon.a(cmd_nvedit.o)
 .debug_frame   0x00001308      0x110 common/libcommon.a(command.o)
 .debug_frame   0x00001418      0x28c common/libcommon.a(console.o)
 .debug_frame   0x000016a4       0x5c common/libcommon.a(devices.o)
 .debug_frame   0x00001700      0x13c common/libcommon.a(dlmalloc.o)
 .debug_frame   0x0000183c       0xa4 common/libcommon.a(env_common.o)
 .debug_frame   0x000018e0       0x68 common/libcommon.a(env_flash.o)
 .debug_frame   0x00001948       0x48 common/libcommon.a(exports.o)
 .debug_frame   0x00001990       0x80 common/libcommon.a(flash.o)
 .debug_frame   0x00001a10      0x134 common/libcommon.a(lists.o)
 .debug_frame   0x00001b44      0x4c8 drivers/hisilicon/libdrv.a(hisilicon-net.o)
 .debug_frame   0x0000200c       0x68 drivers/hisilicon/libdrv.a(watchdog.o)
 .debug_frame   0x00002074       0x28 lib_generic/libgeneric.a(crc32.o)
 .debug_frame   0x0000209c       0x48 lib_generic/libgeneric.a(display_options.o)
 .debug_frame   0x000020e4      0x1fc lib_generic/libgeneric.a(string.o)
 .debug_frame   0x000022e0       0xe0 lib_generic/libgeneric.a(vsprintf.o)
 .debug_frame   0x000023c0      0x1f8 lib_generic/libgeneric.a(zlib.o)
 .debug_frame   0x000025b8       0xcc board/hi3511v110/libhi3511v110.a(board.o)
 .debug_frame   0x00002684       0xe4 cpu/hi3511v100/libhi3511v100.a(cpu.o)
 .debug_frame   0x00002768       0x38 lib_arm/libarm.a(armlinux.o)
 .debug_frame   0x000027a0       0x20 lib_arm/libarm.a(cache.o)

.debug_pubnames
                0x00000000     0x20e1
 .debug_pubnames
                0x00000000       0x4a cpu/hi3511v100/lowlevel_init.o
 .debug_pubnames
                0x0000004a       0x24 board/hi3511v110/lowlevel_init.o
 .debug_pubnames
                0x0000006e      0x183 cpu/hi3511v100/libhi3511v100.a(interrupts.o)
 .debug_pubnames
                0x000001f1       0x71 lib_arm/libarm.a(board.o)
 .debug_pubnames
                0x00000262       0x1d lib_arm/libarm.a(div0.o)
 .debug_pubnames
                0x0000027f      0x3f2 net/libnet.a(net.o)
 .debug_pubnames
                0x00000671       0x40 net/libnet.a(tftp.o)
 .debug_pubnames
                0x000006b1       0x82 net/libnet.a(bootp.o)
 .debug_pubnames
                0x00000733       0x2e net/libnet.a(rarp.o)
 .debug_pubnames
                0x00000761       0x25 net/libnet.a(eth.o)
 .debug_pubnames
                0x00000786      0x12d drivers/libdrivers.a(cfi_flash.o)
 .debug_pubnames
                0x000008b3       0x87 drivers/libdrivers.a(serial_pl011.o)
 .debug_pubnames
                0x0000093a       0x7b common/libcommon.a(main.o)
 .debug_pubnames
                0x000009b5       0x38 common/libcommon.a(cmd_bdinfo.o)
 .debug_pubnames
                0x000009ed       0x47 common/libcommon.a(cmd_boot.o)
 .debug_pubnames
                0x00000a34       0x6e common/libcommon.a(cmd_bootm.o)
 .debug_pubnames
                0x00000aa2       0xb2 common/libcommon.a(cmd_flash.o)
 .debug_pubnames
                0x00000b54      0x188 common/libcommon.a(cmd_load.o)
 .debug_pubnames
                0x00000cdc      0x1e7 common/libcommon.a(cmd_mem.o)
 .debug_pubnames
                0x00000ec3       0xc3 common/libcommon.a(cmd_net.o)
 .debug_pubnames
                0x00000f86       0xbc common/libcommon.a(cmd_nvedit.o)
 .debug_pubnames
                0x00001042       0xeb common/libcommon.a(command.o)
 .debug_pubnames
                0x0000112d      0x14a common/libcommon.a(console.o)
 .debug_pubnames
                0x00001277       0x76 common/libcommon.a(devices.o)
 .debug_pubnames
                0x000012ed       0xb3 common/libcommon.a(dlmalloc.o)
 .debug_pubnames
                0x000013a0       0x99 common/libcommon.a(env_common.o)
 .debug_pubnames
                0x00001439       0x75 common/libcommon.a(env_flash.o)
 .debug_pubnames
                0x000014ae       0x35 common/libcommon.a(exports.o)
 .debug_pubnames
                0x000014e3       0x53 common/libcommon.a(flash.o)
 .debug_pubnames
                0x00001536      0x116 common/libcommon.a(lists.o)
 .debug_pubnames
                0x0000164c      0x648 drivers/hisilicon/libdrv.a(hisilicon-net.o)
 .debug_pubnames
                0x00001c94       0x3b drivers/hisilicon/libdrv.a(watchdog.o)
 .debug_pubnames
                0x00001ccf       0x1c lib_generic/libgeneric.a(crc32.o)
 .debug_pubnames
                0x00001ceb       0x35 lib_generic/libgeneric.a(display_options.o)
 .debug_pubnames
                0x00001d20      0x13d lib_generic/libgeneric.a(string.o)
 .debug_pubnames
                0x00001e5d       0x5a lib_generic/libgeneric.a(vsprintf.o)
 .debug_pubnames
                0x00001eb7       0xab lib_generic/libgeneric.a(zlib.o)
 .debug_pubnames
                0x00001f62       0x1d lib_generic/libgeneric.a(ctype.o)
 .debug_pubnames
                0x00001f7f       0x92 board/hi3511v110/libhi3511v110.a(board.o)
 .debug_pubnames
                0x00002011       0x89 cpu/hi3511v100/libhi3511v100.a(cpu.o)
 .debug_pubnames
                0x0000209a       0x25 lib_arm/libarm.a(armlinux.o)
 .debug_pubnames
                0x000020bf       0x22 lib_arm/libarm.a(cache.o)

.debug_aranges  0x00000000      0x560
 .debug_aranges
                0x00000000       0x20 cpu/hi3511v100/lowlevel_init.o
 .debug_aranges
                0x00000020       0x20 board/hi3511v110/lowlevel_init.o
 .debug_aranges
                0x00000040       0x20 cpu/hi3511v100/libhi3511v100.a(interrupts.o)
 .debug_aranges
                0x00000060       0x20 lib_arm/libarm.a(board.o)
 .debug_aranges
                0x00000080       0x20 lib_arm/libarm.a(div0.o)
 .debug_aranges
                0x000000a0       0x20 net/libnet.a(net.o)
 .debug_aranges
                0x000000c0       0x20 net/libnet.a(tftp.o)
 .debug_aranges
                0x000000e0       0x20 net/libnet.a(bootp.o)
 .debug_aranges
                0x00000100       0x20 net/libnet.a(rarp.o)
 .debug_aranges
                0x00000120       0x20 net/libnet.a(eth.o)
 .debug_aranges
                0x00000140       0x20 drivers/libdrivers.a(cfi_flash.o)
 .debug_aranges
                0x00000160       0x20 drivers/libdrivers.a(serial_pl011.o)
 .debug_aranges
                0x00000180       0x20 common/libcommon.a(main.o)
 .debug_aranges
                0x000001a0       0x20 common/libcommon.a(cmd_bdinfo.o)
 .debug_aranges
                0x000001c0       0x20 common/libcommon.a(cmd_boot.o)
 .debug_aranges
                0x000001e0       0x20 common/libcommon.a(cmd_bootm.o)
 .debug_aranges
                0x00000200       0x20 common/libcommon.a(cmd_flash.o)
 .debug_aranges
                0x00000220       0x20 common/libcommon.a(cmd_load.o)
 .debug_aranges
                0x00000240       0x20 common/libcommon.a(cmd_mem.o)
 .debug_aranges
                0x00000260       0x20 common/libcommon.a(cmd_net.o)
 .debug_aranges
                0x00000280       0x20 common/libcommon.a(cmd_nvedit.o)
 .debug_aranges
                0x000002a0       0x20 common/libcommon.a(command.o)
 .debug_aranges
                0x000002c0       0x20 common/libcommon.a(console.o)
 .debug_aranges
                0x000002e0       0x20 common/libcommon.a(devices.o)
 .debug_aranges
                0x00000300       0x20 common/libcommon.a(dlmalloc.o)
 .debug_aranges
                0x00000320       0x20 common/libcommon.a(env_common.o)
 .debug_aranges
                0x00000340       0x20 common/libcommon.a(env_flash.o)
 .debug_aranges
                0x00000360       0x20 common/libcommon.a(exports.o)
 .debug_aranges
                0x00000380       0x20 common/libcommon.a(flash.o)
 .debug_aranges
                0x000003a0       0x20 common/libcommon.a(lists.o)
 .debug_aranges
                0x000003c0       0x20 drivers/hisilicon/libdrv.a(hisilicon-net.o)
 .debug_aranges
                0x000003e0       0x20 drivers/hisilicon/libdrv.a(watchdog.o)
 .debug_aranges
                0x00000400       0x20 lib_generic/libgeneric.a(crc32.o)
 .debug_aranges
                0x00000420       0x20 lib_generic/libgeneric.a(display_options.o)
 .debug_aranges
                0x00000440       0x20 lib_generic/libgeneric.a(string.o)
 .debug_aranges
                0x00000460       0x20 lib_generic/libgeneric.a(vsprintf.o)
 .debug_aranges
                0x00000480       0x20 lib_generic/libgeneric.a(zlib.o)
 .debug_aranges
                0x000004a0       0x20 board/hi3511v110/libhi3511v110.a(board.o)
 .debug_aranges
                0x000004c0       0x20 cpu/hi3511v100/libhi3511v100.a(cpu.o)
 .debug_aranges
                0x000004e0       0x20 lib_arm/libarm.a(armlinux.o)
 .debug_aranges
                0x00000500       0x20 lib_arm/libarm.a(cache.o)
 .debug_aranges
                0x00000520       0x20 /home/bamboo/work/hi3511/cross_tools/gcc-3.4.3-uClibc-0.9.28/bin/../lib/gcc/arm-hisi-linux/3.4.3/libgcc.a(_divsi3.oS)
 .debug_aranges
                0x00000540       0x20 /home/bamboo/work/hi3511/cross_tools/gcc-3.4.3-uClibc-0.9.28/bin/../lib/gcc/arm-hisi-linux/3.4.3/libgcc.a(_modsi3.oS)

.debug_str      0x00000000     0x4317
 .debug_str     0x00000000      0x111 cpu/hi3511v100/lowlevel_init.o
                                0x14f (size before relaxing)
 .debug_str     0x00000111       0x45 board/hi3511v110/lowlevel_init.o
                                0x112 (size before relaxing)
 .debug_str     0x00000156      0x16e cpu/hi3511v100/libhi3511v100.a(interrupts.o)
                                0x27a (size before relaxing)
 .debug_str     0x000002c4      0x248 lib_arm/libarm.a(board.o)
                                0x347 (size before relaxing)
 .debug_str     0x0000050c        0xe lib_arm/libarm.a(div0.o)
                                 0x75 (size before relaxing)
 .debug_str     0x0000051a      0x5e5 net/libnet.a(net.o)
                                0x809 (size before relaxing)
 .debug_str     0x00000aff      0x11e net/libnet.a(tftp.o)
                                0x3c7 (size before relaxing)
 .debug_str     0x00000c1d      0x252 net/libnet.a(bootp.o)
                                0x45c (size before relaxing)
 .debug_str     0x00000e6f       0x4c net/libnet.a(rarp.o)
                                0x1be (size before relaxing)
 .debug_str     0x00000ebb       0x15 net/libnet.a(eth.o)
                                0x178 (size before relaxing)
 .debug_str     0x00000ed0      0x3ef drivers/libdrivers.a(cfi_flash.o)
                                0x631 (size before relaxing)
 .debug_str     0x000012bf       0xbf drivers/libdrivers.a(serial_pl011.o)
                                0x1b9 (size before relaxing)
 .debug_str     0x0000137e      0x1e8 common/libcommon.a(main.o)
                                0x3fe (size before relaxing)
 .debug_str     0x00001566       0x35 common/libcommon.a(cmd_bdinfo.o)
                                0x26e (size before relaxing)
 .debug_str     0x0000159b       0x34 common/libcommon.a(cmd_boot.o)
                                0x184 (size before relaxing)
 .debug_str     0x000015cf      0x236 common/libcommon.a(cmd_bootm.o)
                                0x4d1 (size before relaxing)
 .debug_str     0x00001805      0x138 common/libcommon.a(cmd_flash.o)
                                0x3bb (size before relaxing)
 .debug_str     0x0000193d      0x26d common/libcommon.a(cmd_load.o)
                                0x4f2 (size before relaxing)
 .debug_str     0x00001baa      0x25a common/libcommon.a(cmd_mem.o)
                                0x408 (size before relaxing)
 .debug_str     0x00001e04       0xc0 common/libcommon.a(cmd_net.o)
                                0x2f3 (size before relaxing)
 .debug_str     0x00001ec4       0xd2 common/libcommon.a(cmd_nvedit.o)
                                0x366 (size before relaxing)
 .debug_str     0x00001f96      0x1a8 common/libcommon.a(command.o)
                                0x314 (size before relaxing)
 .debug_str     0x0000213e      0x225 common/libcommon.a(console.o)
                                0x46e (size before relaxing)
 .debug_str     0x00002363       0x44 common/libcommon.a(devices.o)
                                0x1ef (size before relaxing)
 .debug_str     0x000023a7      0x2a7 common/libcommon.a(dlmalloc.o)
                                0x4f2 (size before relaxing)
 .debug_str     0x0000264e       0xa2 common/libcommon.a(env_common.o)
                                0x2ae (size before relaxing)
 .debug_str     0x000026f0       0x5f common/libcommon.a(env_flash.o)
                                0x295 (size before relaxing)
 .debug_str     0x0000274f       0x25 common/libcommon.a(exports.o)
                                0x209 (size before relaxing)
 .debug_str     0x00002774       0x46 common/libcommon.a(flash.o)
                                0x350 (size before relaxing)
 .debug_str     0x000027ba      0x1dc common/libcommon.a(lists.o)
                                0x33e (size before relaxing)
 .debug_str     0x00002996      0xff7 drivers/hisilicon/libdrv.a(hisilicon-net.o)
                               0x11eb (size before relaxing)
 .debug_str     0x0000398d       0x6a drivers/hisilicon/libdrv.a(watchdog.o)
                                0x279 (size before relaxing)
 .debug_str     0x000039f7       0x4b lib_generic/libgeneric.a(crc32.o)
                                0x124 (size before relaxing)
 .debug_str     0x00003a42       0x2d lib_generic/libgeneric.a(display_options.o)
                                0x136 (size before relaxing)
 .debug_str     0x00003a6f       0xea lib_generic/libgeneric.a(string.o)
                                0x211 (size before relaxing)
 .debug_str     0x00003b59       0x80 lib_generic/libgeneric.a(vsprintf.o)
                                0x1cc (size before relaxing)
 .debug_str     0x00003bd9      0x3c0 lib_generic/libgeneric.a(zlib.o)
                                0x5de (size before relaxing)
 .debug_str     0x00003f99        0x8 lib_generic/libgeneric.a(ctype.o)
                                 0x90 (size before relaxing)
 .debug_str     0x00003fa1       0x78 board/hi3511v110/libhi3511v110.a(board.o)
                                0x26d (size before relaxing)
 .debug_str     0x00004019       0x8e cpu/hi3511v100/libhi3511v100.a(cpu.o)
                                0x1e1 (size before relaxing)
 .debug_str     0x000040a7      0x24e lib_arm/libarm.a(armlinux.o)
                                0x5bb (size before relaxing)
 .debug_str     0x000042f5       0x22 lib_arm/libarm.a(cache.o)
                                0x10d (size before relaxing)

.comment        0x00000000      0x984
 .comment       0x00000000       0x3a cpu/hi3511v100/lowlevel_init.o
 .comment       0x0000003a       0x3a board/hi3511v110/lowlevel_init.o
 .comment       0x00000074       0x3a cpu/hi3511v100/libhi3511v100.a(interrupts.o)
 .comment       0x000000ae       0x3a lib_arm/libarm.a(board.o)
 .comment       0x000000e8       0x3a lib_arm/libarm.a(div0.o)
 .comment       0x00000122       0x3a net/libnet.a(net.o)
 .comment       0x0000015c       0x3a net/libnet.a(tftp.o)
 .comment       0x00000196       0x3a net/libnet.a(bootp.o)
 .comment       0x000001d0       0x3a net/libnet.a(rarp.o)
 .comment       0x0000020a       0x3a net/libnet.a(eth.o)
 .comment       0x00000244       0x3a drivers/libdrivers.a(cfi_flash.o)
 .comment       0x0000027e       0x3a drivers/libdrivers.a(serial_pl011.o)
 .comment       0x000002b8       0x3a common/libcommon.a(main.o)
 .comment       0x000002f2       0x3a common/libcommon.a(cmd_bdinfo.o)
 .comment       0x0000032c       0x3a common/libcommon.a(cmd_boot.o)
 .comment       0x00000366       0x3a common/libcommon.a(cmd_bootm.o)
 .comment       0x000003a0       0x3a common/libcommon.a(cmd_flash.o)
 .comment       0x000003da       0x3a common/libcommon.a(cmd_load.o)
 .comment       0x00000414       0x3a common/libcommon.a(cmd_mem.o)
 .comment       0x0000044e       0x3a common/libcommon.a(cmd_net.o)
 .comment       0x00000488       0x3a common/libcommon.a(cmd_nvedit.o)
 .comment       0x000004c2       0x3a common/libcommon.a(command.o)
 .comment       0x000004fc       0x3a common/libcommon.a(console.o)
 .comment       0x00000536       0x3a common/libcommon.a(devices.o)
 .comment       0x00000570       0x3a common/libcommon.a(dlmalloc.o)
 .comment       0x000005aa       0x3a common/libcommon.a(env_common.o)
 .comment       0x000005e4       0x3a common/libcommon.a(env_flash.o)
 .comment       0x0000061e       0x3a common/libcommon.a(exports.o)
 .comment       0x00000658       0x3a common/libcommon.a(flash.o)
 .comment       0x00000692       0x3a common/libcommon.a(lists.o)
 .comment       0x000006cc       0x3a drivers/hisilicon/libdrv.a(hisilicon-net.o)
 .comment       0x00000706       0x3a drivers/hisilicon/libdrv.a(watchdog.o)
 .comment       0x00000740       0x3a lib_generic/libgeneric.a(crc32.o)
 .comment       0x0000077a       0x3a lib_generic/libgeneric.a(display_options.o)
 .comment       0x000007b4       0x3a lib_generic/libgeneric.a(string.o)
 .comment       0x000007ee       0x3a lib_generic/libgeneric.a(vsprintf.o)
 .comment       0x00000828       0x3a lib_generic/libgeneric.a(zlib.o)
 .comment       0x00000862       0x3a lib_generic/libgeneric.a(ctype.o)
 .comment       0x0000089c       0x3a board/hi3511v110/libhi3511v110.a(board.o)
 .comment       0x000008d6       0x3a cpu/hi3511v100/libhi3511v100.a(cpu.o)
 .comment       0x00000910       0x3a lib_arm/libarm.a(armlinux.o)
 .comment       0x0000094a       0x3a lib_arm/libarm.a(cache.o)

.debug_ranges   0x00000000      0x760
 .debug_ranges  0x00000000       0x20 lib_arm/libarm.a(board.o)
 .debug_ranges  0x00000020       0xd0 net/libnet.a(net.o)
 .debug_ranges  0x000000f0       0x30 net/libnet.a(tftp.o)
 .debug_ranges  0x00000120       0x60 net/libnet.a(bootp.o)
 .debug_ranges  0x00000180      0x170 drivers/libdrivers.a(cfi_flash.o)
 .debug_ranges  0x000002f0       0x80 common/libcommon.a(main.o)
 .debug_ranges  0x00000370       0x18 common/libcommon.a(cmd_bootm.o)
 .debug_ranges  0x00000388       0x18 common/libcommon.a(cmd_flash.o)
 .debug_ranges  0x000003a0       0x30 common/libcommon.a(cmd_load.o)
 .debug_ranges  0x000003d0       0x30 common/libcommon.a(cmd_mem.o)
 .debug_ranges  0x00000400       0x18 common/libcommon.a(cmd_nvedit.o)
 .debug_ranges  0x00000418       0x90 common/libcommon.a(command.o)
 .debug_ranges  0x000004a8       0x38 common/libcommon.a(console.o)
 .debug_ranges  0x000004e0       0x18 common/libcommon.a(devices.o)
 .debug_ranges  0x000004f8       0x50 common/libcommon.a(dlmalloc.o)
 .debug_ranges  0x00000548       0x50 common/libcommon.a(flash.o)
 .debug_ranges  0x00000598       0x18 drivers/hisilicon/libdrv.a(hisilicon-net.o)
 .debug_ranges  0x000005b0       0x50 drivers/hisilicon/libdrv.a(watchdog.o)
 .debug_ranges  0x00000600       0x18 lib_generic/libgeneric.a(vsprintf.o)
 .debug_ranges  0x00000618      0x118 lib_generic/libgeneric.a(zlib.o)
 .debug_ranges  0x00000730       0x30 lib_arm/libarm.a(armlinux.o)
